uicheck: 1152x2048 CSS px at 100% scale needs 1168x2087 physical px, which does not fit this screen; capping the window to 1168x1340 physical px
uicheck: header OK, pressure = PRESSURE 26 headline = 34,672,374
uicheck: saved ..\..\testdata\uicheck\out\d0-header.png
uicheck: d0 OK
uicheck: 1152x2048 CSS px at 100% scale needs 1168x2087 physical px, which does not fit this screen; capping the window to 1168x1340 physical px
uicheck: export status: exported 15 MB to C:\Users\WilcoDeTree\AppData\Local\burnmon\exports\burnmon-dev_2026-09-27_220813
uicheck: summary.md: 7916 bytes
uicheck: data.json: 15307864 bytes
uicheck: daily.csv: 406 bytes
uicheck: saved ..\..\testdata\uicheck\out\d1-export-done.png
uicheck: d1 OK
uicheck: 1152x2048 CSS px at 100% scale needs 1168x2087 physical px, which does not fit this screen; capping the window to 1168x1340 physical px
uicheck: d2 viewport target 1152x2048, real CSS px innerWidth=1152 innerHeight=1301, body.scrollHeight=1301
uicheck: d2 NOTE: the real viewport (1152x1301) is well short of the 1152x2048 target; this run's screen likely could not fit the intended size, so this only confirms no clipping at the smaller size actually granted
uicheck: saved ..\..\testdata\uicheck\out\d2-viewport.png
uicheck: d2 OK
uicheck: d3 viewport 1024x1152: body.scrollHeight=1152 window.innerHeight=1152
uicheck: saved ..\..\testdata\uicheck\out\d3-viewport.png
uicheck: d3 OK
uicheck: d4 viewport target 1280x860, real CSS px innerWidth=1280 innerHeight=860, body.scrollHeight=860
uicheck: saved ..\..\testdata\uicheck\out\d4-viewport.png
uicheck: d4 OK
uicheck: d5 viewport target 1920x1080, real CSS px innerWidth=1920 innerHeight=1080, body.scrollHeight=1080
uicheck: saved ..\..\testdata\uicheck\out\d5-viewport.png
uicheck: d5 OK
uicheck: 2560x1440 CSS px at 100% scale needs 2576x1479 physical px, which does not fit this screen; capping the window to 2576x1340 physical px
uicheck: d6 viewport target 2560x1440, real CSS px innerWidth=2560 innerHeight=1301, body.scrollHeight=1301
uicheck: saved ..\..\testdata\uicheck\out\d6-viewport.png
uicheck: d6 OK
uicheck: 1152x2048 CSS px at 100% scale needs 1168x2087 physical px, which does not fit this screen; capping the window to 1168x1340 physical px
uicheck: d7-fullscreen-from-1152x2048: screen=3440x1440, CSS px innerWidth=3440 innerHeight=1440, body.scrollHeight=1440
uicheck: saved ..\..\testdata\uicheck\out\d7-fullscreen-from-1152x2048.png
uicheck: 2560x1440 CSS px at 100% scale needs 2576x1479 physical px, which does not fit this screen; capping the window to 2576x1340 physical px
uicheck: d7-fullscreen-from-2560x1440: screen=3440x1440, CSS px innerWidth=3440 innerHeight=1440, body.scrollHeight=1440
uicheck: saved ..\..\testdata\uicheck\out\d7-fullscreen-from-2560x1440.png
uicheck: d7 OK
uicheck: d8 viewport target 1024x768, real CSS px innerWidth=1024 innerHeight=768, body.scrollHeight=768
uicheck: saved ..\..\testdata\uicheck\out\d8-viewport.png
uicheck: d8 OK
uicheck: d9 1024x768: no visible scrollbar anywhere
uicheck: d9 1280x860: no visible scrollbar anywhere
uicheck: 1152x2048 CSS px at 100% scale needs 1168x2087 physical px, which does not fit this screen; capping the window to 1168x1340 physical px
uicheck: d9 1152x2048: no visible scrollbar anywhere
uicheck: d9 1920x1080: no visible scrollbar anywhere
uicheck: 2560x1440 CSS px at 100% scale needs 2576x1479 physical px, which does not fit this screen; capping the window to 2576x1340 physical px
uicheck: d9 2560x1440: no visible scrollbar anywhere
uicheck: d9 OK
uicheck: d10: burn chart has no marker/line elements
uicheck: saved ..\..\testdata\uicheck\out\d10-burn-chart-no-markers.png
uicheck: d10 OK
uicheck: d11: shared beat over 30s - sysmon changed 30 time(s), processGroups changed 30 time(s)
uicheck: d11: 30 complete ticks in 30s, all panels paint within 250ms of each other, cadence holds around 1000ms
uicheck: d11 OK
uicheck: d12 1024x768: 50 ticker row(s) (container 54px), none shorter than their own text line height
uicheck: d12 1280x860: 50 ticker row(s) (container 54px), none shorter than their own text line height
uicheck: 1152x2048 CSS px at 100% scale needs 1168x2087 physical px, which does not fit this screen; capping the window to 1168x1340 physical px
uicheck: d12 1152x2048: 50 ticker row(s) (container 79px), none shorter than their own text line height
uicheck: d12 1920x1080: 50 ticker row(s) (container 134px), none shorter than their own text line height
uicheck: 2560x1440 CSS px at 100% scale needs 2576x1479 physical px, which does not fit this screen; capping the window to 2576x1340 physical px
uicheck: d12 2560x1440: 50 ticker row(s) (container 320px), none shorter than their own text line height
uicheck: d12 OK
uicheck: d13: 20 core bars, width min=195px max=195px
uicheck: d13 OK
