uicheck: saved ..\..\testdata\uicheck\out\w0-now.png
uicheck: read Now tab button DOM: <button class="tab on" data-t="now">Now</button>
uicheck: w0 OK
uicheck: saved ..\..\testdata\uicheck\out\w2-after-x-button-open.png
uicheck: saved ..\..\testdata\uicheck\out\w2-after-x-button-closed.png
uicheck: after x-button, overlay hidden=true
uicheck: saved ..\..\testdata\uicheck\out\w2-after-overlay-open.png
uicheck: saved ..\..\testdata\uicheck\out\w2-after-overlay-closed.png
uicheck: after overlay, overlay hidden=true
uicheck: saved ..\..\testdata\uicheck\out\w2-after-escape-open.png
uicheck: saved ..\..\testdata\uicheck\out\w2-after-escape-closed.png
uicheck: after escape, overlay hidden=true
uicheck: w2 OK
uicheck: turn_drawer scrollWidth=560 clientWidth=560
uicheck: saved ..\..\testdata\uicheck\out\w3-after-long-path.png
uicheck: w3 OK
uicheck: legend labels = [idleAAAA idleBBBB]
uicheck: saved ..\..\testdata\uicheck\out\w4-after-legend.png
uicheck: w4 OK
uicheck: dataset order = [w5sessAAAA4 w5sessAAAA3 w5sessAAAA2 w5sessZZZZ1 Cost/min]
uicheck: saved ..\..\testdata\uicheck\out\w5-after-legend-order.png
uicheck: w5 OK
uicheck: y-axis ticks = [0 500.00K 1.00M 1.50M 2.00M 2.50M 2.86M]
uicheck: saved ..\..\testdata\uicheck\out\w6-after-axis-ticks.png
uicheck: w6 OK
uicheck: x-axis labels=[22:09] fontSize=11 maxRotation=0
uicheck: saved ..\..\testdata\uicheck\out\w7-after-x-axis.png
uicheck: w7 OK
uicheck: cost dataset default-visible=false, axis default-visible=false, axis-when-shown=true, axis-when-hidden=false
uicheck: saved ..\..\testdata\uicheck\out\w8-after-cost-axis.png
uicheck: w8 OK
